// Jest Snapshot v1, https://goo.gl/fbAQLP

exports[`Form Input should render properly 1`] = `
<div
  className="group"
  data-testid="inputGroupContainer"
  role="none"
>
  <input
    className="form-input"
    data-testid="input"
    id="test"
    onChange={[MockFunction]}
  />
  <label
    className=" form-input-label"
    data-testid="inputLabel"
    htmlFor="test"
  >
    snapshot test label
  </label>
</div>
`;
