// Jest Snapshot v1, https://goo.gl/fbAQLP

exports[`App should render correctly 1`] = `
<div
  className="App"
  data-testid="app-container"
>
  <Homepage />
</div>
`;
